[    0.000000] Initializing cgroup subsys cpuset
[    0.000000] Initializing cgroup subsys cpu
[    0.000000] Initializing cgroup subsys cpuacct
[    0.000000] Linux version 4.4.0-142-generic (buildd@lgw01-amd64-033) (gcc version 5.4.0 20160609 (Ubuntu 5.4.0-6ubuntu1~16.04.10) ) #168-Ubuntu SMP Wed Jan 16 21:00:45 UTC 2019 (Ubuntu 4.4.0-142.168-generic 4.4.167)
[    0.000000] Command line: BOOT_IMAGE=/boot/vmlinuz-4.4.0-142-generic root=UUID=fda3418f-b78f-47d3-aef8-ab2b203a09c3 ro console=tty1 console=ttyS0
[    0.000000] KERNEL supported cpus:
[    0.000000]   Intel GenuineIntel
[    0.000000]   AMD AuthenticAMD
[    0.000000]   Centaur CentaurHauls
[    0.000000] x86/fpu: xstate_offset[2]:  576, xstate_sizes[2]:  256
[    0.000000] x86/fpu: Supporting XSAVE feature 0x01: 'x87 floating point registers'
[    0.000000] x86/fpu: Supporting XSAVE feature 0x02: 'SSE registers'
[    0.000000] x86/fpu: Supporting XSAVE feature 0x04: 'AVX registers'
[    0.000000] x86/fpu: Enabled xstate features 0x7, context size is 832 bytes, using 'standard' format.
[    0.000000] e820: BIOS-provided physical RAM map:
[    0.000000] BIOS-e820: [mem 0x0000000000000000-0x000000000009fbff] usable
[    0.000000] BIOS-e820: [mem 0x000000000009fc00-0x000000000009ffff] reserved
[    0.000000] BIOS-e820: [mem 0x00000000000f0000-0x00000000000fffff] reserved
[    0.000000] BIOS-e820: [mem 0x0000000000100000-0x000000001ffeffff] usable
[    0.000000] BIOS-e820: [mem 0x000000001fff0000-0x000000001fffffff] ACPI data
[    0.000000] BIOS-e820: [mem 0x00000000fec00000-0x00000000fec00fff] reserved
[    0.000000] BIOS-e820: [mem 0x00000000fee00000-0x00000000fee00fff] reserved
[    0.000000] BIOS-e820: [mem 0x00000000fffc0000-0x00000000ffffffff] reserved
[    0.000000] NX (Execute Disable) protection: active
[    0.000000] SMBIOS 2.5 present.
[    0.000000] Hypervisor detected: KVM
[    0.000000] e820: last_pfn = 0x1fff0 max_arch_pfn = 0x400000000
[    0.000000] MTRR: Disabled
[    0.000000] x86/PAT: MTRRs disabled, skipping PAT initialization too.
[    0.000000] CPU MTRRs all blank - virtualized system.
[    0.000000] x86/PAT: Configuration [0-7]: WB  WT  UC- UC  WB  WT  UC- UC  
[    0.000000] found SMP MP-table at [mem 0x0009fff0-0x0009ffff] mapped at [ffff88000009fff0]
[    0.000000] Scanning 1 areas for low memory corruption
[    0.000000] RAMDISK: [mem 0x1e815000-0x1f715fff]
[    0.000000] ACPI: Early table checksum verification disabled
[    0.000000] ACPI: RSDP 0x00000000000E0000 000024 (v02 VBOX  )
[    0.000000] ACPI: XSDT 0x000000001FFF0030 00003C (v01 VBOX   VBOXXSDT 00000001 ASL  00000061)
[    0.000000] ACPI: FACP 0x000000001FFF00F0 0000F4 (v04 VBOX   VBOXFACP 00000001 ASL  00000061)
[    0.000000] ACPI: DSDT 0x000000001FFF0470 0022EA (v02 VBOX   VBOXBIOS 00000002 INTL 20180105)
[    0.000000] ACPI: FACS 0x000000001FFF0200 000040
[    0.000000] ACPI: FACS 0x000000001FFF0200 000040
[    0.000000] ACPI: APIC 0x000000001FFF0240 00005C (v02 VBOX   VBOXAPIC 00000001 ASL  00000061)
[    0.000000] ACPI: SSDT 0x000000001FFF02A0 0001CC (v01 VBOX   VBOXCPUT 00000002 INTL 20180105)
[    0.000000] No NUMA configuration found
[    0.000000] Faking a node at [mem 0x0000000000000000-0x000000001ffeffff]
[    0.000000] NODE_DATA(0) allocated [mem 0x1ffeb000-0x1ffeffff]
[    0.000000] kvm-clock: Using msrs 4b564d01 and 4b564d00
[    0.000000] kvm-clock: cpu 0, msr 0:1ffe3001, primary cpu clock
[    0.000000] kvm-clock: using sched offset of 3215951693 cycles
[    0.000000] clocksource: kvm-clock: mask: 0xffffffffffffffff max_cycles: 0x1cd42e4dffb, max_idle_ns: 881590591483 ns
[    0.000000] Zone ranges:
[    0.000000]   DMA      [mem 0x0000000000001000-0x0000000000ffffff]
[    0.000000]   DMA32    [mem 0x0000000001000000-0x000000001ffeffff]
[    0.000000]   Normal   empty
[    0.000000]   Device   empty
[    0.000000] Movable zone start for each node
[    0.000000] Early memory node ranges
[    0.000000]   node   0: [mem 0x0000000000001000-0x000000000009efff]
[    0.000000]   node   0: [mem 0x0000000000100000-0x000000001ffeffff]
[    0.000000] Initmem setup node 0 [mem 0x0000000000001000-0x000000001ffeffff]
[    0.000000] ACPI: PM-Timer IO Port: 0x4008
[    0.000000] IOAPIC[0]: apic_id 2, version 32, address 0xfec00000, GSI 0-23
[    0.000000] ACPI: INT_SRC_OVR (bus 0 bus_irq 0 global_irq 2 dfl dfl)
[    0.000000] ACPI: INT_SRC_OVR (bus 0 bus_irq 9 global_irq 9 low level)
[    0.000000] Using ACPI (MADT) for SMP configuration information
[    0.000000] smpboot: Allowing 2 CPUs, 0 hotplug CPUs
[    0.000000] PM: Registered nosave memory: [mem 0x00000000-0x00000fff]
[    0.000000] PM: Registered nosave memory: [mem 0x0009f000-0x0009ffff]
[    0.000000] PM: Registered nosave memory: [mem 0x000a0000-0x000effff]
[    0.000000] PM: Registered nosave memory: [mem 0x000f0000-0x000fffff]
[    0.000000] e820: [mem 0x20000000-0xfebfffff] available for PCI devices
[    0.000000] Booting paravirtualized kernel on KVM
[    0.000000] clocksource: refined-jiffies: mask: 0xffffffff max_cycles: 0xffffffff, max_idle_ns: 7645519600211568 ns
[    0.000000] setup_percpu: NR_CPUS:512 nr_cpumask_bits:512 nr_cpu_ids:2 nr_node_ids:1
[    0.000000] PERCPU: Embedded 34 pages/cpu @ffff88001fc00000 s99480 r8192 d31592 u1048576
[    0.000000] Built 1 zonelists in Node order, mobility grouping on.  Total pages: 128888
[    0.000000] Policy zone: DMA32
[    0.000000] Kernel command line: BOOT_IMAGE=/boot/vmlinuz-4.4.0-142-generic root=UUID=fda3418f-b78f-47d3-aef8-ab2b203a09c3 ro console=tty1 console=ttyS0
[    0.000000] PID hash table entries: 2048 (order: 2, 16384 bytes)
[    0.000000] Memory: 481088K/523832K available (8603K kernel code, 1332K rwdata, 4004K rodata, 1484K init, 1316K bss, 42744K reserved, 0K cma-reserved)
[    0.000000] SLUB: HWalign=64, Order=0-3, MinObjects=0, CPUs=2, Nodes=1
[    0.000000] Kernel/User page tables isolation: enabled
[    0.000000] Hierarchical RCU implementation.
[    0.000000] 	Build-time adjustment of leaf fanout to 64.
[    0.000000] 	RCU restricting CPUs from NR_CPUS=512 to nr_cpu_ids=2.
[    0.000000] RCU: Adjusting geometry for rcu_fanout_leaf=64, nr_cpu_ids=2
[    0.000000] NR_IRQS:33024 nr_irqs:440 16
[    0.000000] Console: colour VGA+ 80x25
[    0.000000] console [tty1] enabled
[    0.000000] console [ttyS0] enabled
[    0.000000] tsc: Detected 3912.000 MHz processor
[    0.094849] Calibrating delay loop (skipped) preset value.. 7824.00 BogoMIPS (lpj=15648000)
[    0.096336] pid_max: default: 32768 minimum: 301
[    0.097071] ACPI: Core revision 20150930
[    0.098545] ACPI: 2 ACPI AML tables successfully acquired and loaded
[    0.099655] Security Framework initialized
[    0.100366] Yama: becoming mindful.
[    0.101021] AppArmor: AppArmor initialized
[    0.101583] Dentry cache hash table entries: 65536 (order: 7, 524288 bytes)
[    0.102428] Inode-cache hash table entries: 32768 (order: 6, 262144 bytes)
[    0.103210] Mount-cache hash table entries: 1024 (order: 1, 8192 bytes)
[    0.104017] Mountpoint-cache hash table entries: 1024 (order: 1, 8192 bytes)
[    0.104880] Initializing cgroup subsys io
[    0.105395] Initializing cgroup subsys memory
[    0.105958] Initializing cgroup subsys devices
[    0.106503] Initializing cgroup subsys freezer
[    0.107047] Initializing cgroup subsys net_cls
[    0.107598] Initializing cgroup subsys perf_event
[    0.108166] Initializing cgroup subsys net_prio
[    0.108719] Initializing cgroup subsys hugetlb
[    0.109263] Initializing cgroup subsys pids
[    0.110715] mce: CPU supports 0 MCE banks
[    0.111355] Last level iTLB entries: 4KB 64, 2MB 8, 4MB 8
[    0.112152] Last level dTLB entries: 4KB 64, 2MB 0, 4MB 0, 1GB 4
[    0.112832] Spectre V2 : Mitigation: Full generic retpoline
[    0.113469] Spectre V2 : Spectre v2 / SpectreRSB mitigation: Filling RSB on context switch
[    0.114511] Speculative Store Bypass: Vulnerable
[    0.117231] Freeing SMP alternatives memory: 32K
[    0.122302] ftrace: allocating 32277 entries in 127 pages
[    0.168841] smpboot: APIC(0) Converting physical 0 to logical package 0
[    0.169635] smpboot: Max logical packages: 1
[    0.170370] x2apic enabled
[    0.170945] Switched APIC routing to physical x2apic.
[    0.172381] ..TIMER: vector=0x30 apic1=0 pin1=2 apic2=-1 pin2=-1
[    0.277565] smpboot: CPU0: Intel(R) Core(TM) i3-7100 CPU @ 3.90GHz (family: 0x6, model: 0x9e, stepping: 0x9)
[    0.278898] Performance Events: unsupported p6 CPU model 158 no PMU driver, software events only.
[    0.288017] KVM setup paravirtual spinlock
[    0.289106] x86: Booting SMP configuration:
[    0.289650] .... node  #0, CPUs:      #1
[    0.290240] kvm-clock: cpu 1, msr 0:1ffe3041, secondary cpu clock
[    0.291611] mce: CPU supports 0 MCE banks
[    0.293915] x86: Booted up 1 node, 2 CPUs
[    0.294630] smpboot: Total of 2 processors activated (15648.00 BogoMIPS)
[    0.296128] devtmpfs: initialized
[    0.298197] evm: security.selinux
[    0.298703] evm: security.SMACK64
[    0.299203] evm: security.SMACK64EXEC
[    0.299764] evm: security.SMACK64TRANSMUTE
[    0.300285] evm: security.SMACK64MMAP
[    0.300767] evm: security.ima
[    0.301193] evm: security.capability
[    0.301805] clocksource: jiffies: mask: 0xffffffff max_cycles: 0xffffffff, max_idle_ns: 7645041785100000 ns
[    0.302949] futex hash table entries: 512 (order: 3, 32768 bytes)
[    0.304246] pinctrl core: initialized pinctrl subsystem
[    0.305570] RTC time:  1:18:40, date: 03/01/19
[    0.306790] NET: Registered protocol family 16
[    0.317846] cpuidle: using governor ladder
[    0.329872] cpuidle: using governor menu
[    0.330388] PCCT header not found.
[    0.330897] ACPI: bus type PCI registered
[    0.331422] acpiphp: ACPI Hot Plug PCI Controller Driver version: 0.5
[    0.332208] PCI: Using configuration type 1 for base access
[    0.342257] ACPI: Added _OSI(Module Device)
[    0.342793] ACPI: Added _OSI(Processor Device)
[    0.343348] ACPI: Added _OSI(3.0 _SCP Extensions)
[    0.343921] ACPI: Added _OSI(Processor Aggregator Device)
[    0.345028] ACPI: Executed 1 blocks of module-level executable AML code
[    0.347270] ACPI: Interpreter enabled
[    0.347766] ACPI: (supports S0 S5)
[    0.348234] ACPI: Using IOAPIC for interrupt routing
[    0.348936] PCI: Using host bridge windows from ACPI; if necessary, use "pci=nocrs" and report a bug
[    0.352488] ACPI: PCI Root Bridge [PCI0] (domain 0000 [bus 00-ff])
[    0.353188] acpi PNP0A03:00: _OSC: OS supports [ASPM ClockPM Segments MSI]
[    0.354192] acpi PNP0A03:00: _OSC: not requesting OS control; OS requires [ExtendedConfig ASPM ClockPM MSI]
[    0.355338] acpi PNP0A03:00: fail to add MMCONFIG information, can't access extended PCI configuration space under this bridge.
[    0.356794] PCI host bridge to bus 0000:00
[    0.357316] pci_bus 0000:00: root bus resource [io  0x0000-0x0cf7 window]
[    0.358070] pci_bus 0000:00: root bus resource [io  0x0d00-0xffff window]
[    0.358823] pci_bus 0000:00: root bus resource [mem 0x000a0000-0x000bffff window]
[    0.359773] pci_bus 0000:00: root bus resource [mem 0x20000000-0xfdffffff window]
[    0.360718] pci_bus 0000:00: root bus resource [bus 00-ff]
[    0.362371] pci 0000:00:01.1: legacy IDE quirk: reg 0x10: [io  0x01f0-0x01f7]
[    0.363144] pci 0000:00:01.1: legacy IDE quirk: reg 0x14: [io  0x03f6]
[    0.363871] pci 0000:00:01.1: legacy IDE quirk: reg 0x18: [io  0x0170-0x0177]
[    0.364645] pci 0000:00:01.1: legacy IDE quirk: reg 0x1c: [io  0x0376]
[    0.373085] pci 0000:00:07.0: quirk: [io  0x4000-0x403f] claimed by PIIX4 ACPI
[    0.374062] pci 0000:00:07.0: quirk: [io  0x4100-0x410f] claimed by PIIX4 SMB
[    0.387672] ACPI: PCI Interrupt Link [LNKA] (IRQs 5 9 10 *11)
[    0.388752] ACPI: PCI Interrupt Link [LNKB] (IRQs 5 9 *10 11)
[    0.389748] ACPI: PCI Interrupt Link [LNKC] (IRQs 5 *9 10 11)
[    0.390729] ACPI: PCI Interrupt Link [LNKD] (IRQs 5 9 10 *11)
[    0.391725] ACPI: Enabled 2 GPEs in block 00 to 07
[    0.392589] vgaarb: setting as boot device: PCI:0000:00:02.0
[    0.393244] vgaarb: device added: PCI:0000:00:02.0,decodes=io+mem,owns=io+mem,locks=none
[    0.394271] vgaarb: loaded
[    0.394678] vgaarb: bridge control possible 0000:00:02.0
[    0.395478] SCSI subsystem initialized
[    0.396071] ACPI: bus type USB registered
[    0.396604] usbcore: registered new interface driver usbfs
[    0.397244] usbcore: registered new interface driver hub
[    0.397886] usbcore: registered new device driver usb
[    0.398668] PCI: Using ACPI for IRQ routing
[    0.399408] NetLabel: Initializing
[    0.399874] NetLabel:  domain hash size = 128
[    0.400415] NetLabel:  protocols = UNLABELED CIPSOv4
[    0.401012] NetLabel:  unlabeled traffic allowed by default
[    0.401748] amd_nb: Cannot enumerate AMD northbridges
[    0.402390] clocksource: Switched to clocksource kvm-clock
[    0.407676] AppArmor: AppArmor Filesystem Enabled
[    0.408355] pnp: PnP ACPI init
[    0.409304] pnp: PnP ACPI: found 3 devices
[    0.417288] clocksource: acpi_pm: mask: 0xffffff max_cycles: 0xffffff, max_idle_ns: 2085701024 ns
[    0.418384] NET: Registered protocol family 2
[    0.419082] TCP established hash table entries: 4096 (order: 3, 32768 bytes)
[    0.419867] TCP bind hash table entries: 4096 (order: 4, 65536 bytes)
[    0.420619] TCP: Hash tables configured (established 4096 bind 4096)
[    0.421334] UDP hash table entries: 256 (order: 1, 8192 bytes)
[    0.421999] UDP-Lite hash table entries: 256 (order: 1, 8192 bytes)
[    0.422735] NET: Registered protocol family 1
[    0.423295] pci 0000:00:00.0: Limiting direct PCI/PCI transfers
[    0.423981] pci 0000:00:01.0: Activating ISA DMA hang workarounds
[    0.425070] Unpacking initramfs...
[    0.584522] Freeing initrd memory: 15364K
[    0.585265] platform rtc_cmos: registered platform RTC device (no PNP device found)
[    0.586265] Scanning for low memory corruption every 60 seconds
[    0.587361] audit: initializing netlink subsys (disabled)
[    0.588021] audit: type=2000 audit(1551403124.861:1): initialized
[    0.588899] Initialise system trusted keyring
[    0.589572] HugeTLB registered 2 MB page size, pre-allocated 0 pages
[    0.591589] zbud: loaded
[    0.592279] VFS: Disk quotas dquot_6.6.0
[    0.592819] VFS: Dquot-cache hash table entries: 512 (order 0, 4096 bytes)
[    0.593750] squashfs: version 4.0 (2009/01/31) Phillip Lougher
[    0.594623] fuse init (API version 7.23)
[    0.595236] Key type big_key registered
[    0.595767] Allocating IMA MOK and blacklist keyrings.
[    0.598464] Key type asymmetric registered
[    0.599001] Asymmetric key parser 'x509' registered
[    0.599628] Block layer SCSI generic (bsg) driver version 0.4 loaded (major 249)
[    0.600623] io scheduler noop registered
[    0.601142] io scheduler deadline registered (default)
[    0.601778] io scheduler cfq registered
[    0.602359] pci_hotplug: PCI Hot Plug PCI Core version: 0.5
[    0.603063] pciehp: PCI Express Hot Plug Controller Driver version: 0.4
[    0.603909] ACPI: AC Adapter [AC] (on-line)
[    0.604485] input: Power Button as /devices/LNXSYSTM:00/LNXPWRBN:00/input/input0
[    0.605438] ACPI: Power Button [PWRF]
[    0.605968] input: Sleep Button as /devices/LNXSYSTM:00/LNXSLPBN:00/input/input1
[    0.606953] ACPI: Sleep Button [SLPF]
[    0.607572] GHES: HEST is not enabled!
[    0.608146] Serial: 8250/16550 driver, 32 ports, IRQ sharing enabled
 	
 !"#$%&'()*+,-./0123456789:;<=>?@ABCDEFGHIJKLMNOPQRSTUVWXYZ[\]^_`abcdefghijklmnopqrstuvwxyz{|}~ÄÅÇÉÑÖÜáàâäãåçéèêëíìîïñóòôöõúùûü†°¢£§•¶ß®©™´¨≠ÆØ∞±≤≥¥µ∂∑∏π∫ªºΩæø¿¡¬√ƒ≈∆«»… ÀÃÕŒœ–—“”‘’÷◊ÿŸ⁄€‹›ﬁﬂ‡·‚„‰ÂÊÁËÈÍÎÏÌÓÔÒÚÛÙıˆ˜¯˘˙˚¸˝˛ˇ[    0.630067] 00:02: ttyS0 at I/O 0x3f8 (irq = 4, base_baud = 115200) is a 16550A
[    0.631797] Linux agpgart interface v0.103
[    0.633402] loop: module loaded
[    0.634269] scsi host0: ata_piix
[    0.634853] scsi host1: ata_piix
[    0.635342] ata1: PATA max UDMA/33 cmd 0x1f0 ctl 0x3f6 bmdma 0xd000 irq 14
[    0.636106] ata2: PATA max UDMA/33 cmd 0x170 ctl 0x376 bmdma 0xd008 irq 15
[    0.636953] libphy: Fixed MDIO Bus: probed
[    0.637516] tun: Universal TUN/TAP device driver, 1.6
[    0.638129] tun: (C) 1999-2004 Max Krasnyansky <maxk@qualcomm.com>
[    0.638929] PPP generic driver version 2.4.2
[    0.639523] ehci_hcd: USB 2.0 'Enhanced' Host Controller (EHCI) Driver
[    0.640261] ehci-pci: EHCI PCI platform driver
[    0.640827] ehci-platform: EHCI generic platform driver
[    0.641456] ohci_hcd: USB 1.1 'Open' Host Controller (OHCI) Driver
[    0.642162] ohci-pci: OHCI PCI platform driver
[    0.642757] ohci-platform: OHCI generic platform driver
[    0.643391] uhci_hcd: USB Universal Host Controller Interface driver
[    0.644151] i8042: PNP: PS/2 Controller [PNP0303:PS2K,PNP0f03:PS2M] at 0x60,0x64 irq 1,12
[    0.645568] serio: i8042 KBD port at 0x60,0x64 irq 1
[    0.646174] serio: i8042 AUX port at 0x60,0x64 irq 12
[    0.646885] mousedev: PS/2 mouse device common for all mice
[    0.647906] input: AT Translated Set 2 keyboard as /devices/platform/i8042/serio0/input/input2
[    0.648999] rtc_cmos rtc_cmos: rtc core: registered rtc_cmos as rtc0
[    0.649836] rtc_cmos rtc_cmos: alarms up to one day, 114 bytes nvram
[    0.650560] i2c /dev entries driver
[    0.651102] device-mapper: uevent: version 1.0.3
[    0.651733] device-mapper: ioctl: 4.34.0-ioctl (2015-10-28) initialised: dm-devel@redhat.com
[    0.652796] ledtrig-cpu: registered to indicate activity on CPUs
[    0.653773] NET: Registered protocol family 10
[    0.654472] NET: Registered protocol family 17
[    0.655044] Key type dns_resolver registered
[    0.655758] registered taskstats version 1
[    0.656299] Loading compiled-in X.509 certificates
[    0.657313] Loaded X.509 cert 'Build time autogenerated kernel key: bff73e56bc0efa7435b2a24f5427674623f1be80'
[    0.658485] zswap: loaded using pool lzo/zbud
[    0.660337] Key type trusted registered
[    0.663103] Key type encrypted registered
[    0.663658] AppArmor: AppArmor sha1 policy hashing enabled
[    0.664305] ima: No TPM chip found, activating TPM-bypass!
[    0.664951] ima: Allocated hash algorithm: sha1
[    0.665547] evm: HMAC attrs: 0x1
[    0.666237]   Magic number: 11:428:305
[    0.666791] tty tty34: hash matches
[    0.667327] rtc_cmos rtc_cmos: setting system clock to 2019-03-01 01:18:40 UTC (1551403120)
[    0.668440] BIOS EDD facility v0.16 2004-Jun-25, 0 devices found
[    0.669134] EDD information not available.
[    0.794134] Freeing unused kernel memory: 1484K
[    0.797112] Write protecting the kernel read-only data: 14336k
[    0.801901] Freeing unused kernel memory: 1624K
[    0.805406] Freeing unused kernel memory: 92K
Loading, please wait...
starting version 229
[    0.837363] random: systemd-udevd: uninitialized urandom read (16 bytes read, 3 bits of entropy available)
[    0.838548] random: udevadm: uninitialized urandom read (16 bytes read, 3 bits of entropy available)
[    0.838579] random: udevadm: uninitialized urandom read (16 bytes read, 3 bits of entropy available)
[    0.844941] random: systemd-udevd: uninitialized urandom read (16 bytes read, 3 bits of entropy available)
[    0.847180] random: systemd-udevd: uninitialized urandom read (16 bytes read, 3 bits of entropy available)
[    0.849233] random: systemd-udevd: uninitialized urandom read (16 bytes read, 3 bits of entropy available)
[    0.849896] random: udevadm: uninitialized urandom read (16 bytes read, 3 bits of entropy available)
[    0.849945] random: udevadm: uninitialized urandom read (16 bytes read, 3 bits of entropy available)
[    0.850135] random: udevadm: uninitialized urandom read (16 bytes read, 3 bits of entropy available)
[    0.850193] random: udevadm: uninitialized urandom read (16 bytes read, 3 bits of entropy available)
[    0.895212] Fusion MPT base driver 3.04.20
[    0.895880] Copyright (c) 1999-2008 LSI Corporation
[    0.899093] e1000: Intel(R) PRO/1000 Network Driver - version 7.3.21-k8-NAPI
[    0.900028] e1000: Copyright (c) 1999-2006 Intel Corporation.
[    0.904666] Fusion MPT SPI Host driver 3.04.20
[    0.908112] AVX2 version of gcm_enc/dec engaged.
[    0.908822] AES CTR mode by8 optimization enabled
[    1.117795] input: ImExPS/2 Generic Explorer Mouse as /devices/platform/i8042/serio1/input/input4
[    1.582801] clocksource: tsc: mask: 0xffffffffffffffff max_cycles: 0x70c747804da, max_idle_ns: 881591211608 ns
[    1.605919] e1000 0000:00:03.0 eth0: (PCI:33MHz:32-bit) 02:54:44:01:5d:80
[    1.606979] e1000 0000:00:03.0 eth0: Intel(R) PRO/1000 Network Connection
[    2.071544] e1000 0000:00:08.0 eth1: (PCI:33MHz:32-bit) 08:00:27:e0:20:ac
[    2.075656] e1000 0000:00:08.0 eth1: Intel(R) PRO/1000 Network Connection
[    2.081523] mptbase: ioc0: Initiating bringup
[    2.147108] ioc0: LSI53C1030 A0: Capabilities={Initiator}
[    2.315775] scsi host2: ioc0: LSI53C1030 A0, FwRev=00000000h, Ports=1, MaxQ=256, IRQ=20
[    2.435571] scsi 2:0:0:0: Direct-Access     VBOX     HARDDISK         1.0  PQ: 0 ANSI: 5
[    2.441020] scsi target2:0:0: Beginning Domain Validation
[    2.447422] scsi target2:0:0: Domain Validation skipping write tests
[    2.450934] scsi target2:0:0: Ending Domain Validation
[    2.454038] scsi target2:0:0: asynchronous
[    2.458673] scsi 2:0:1:0: Direct-Access     VBOX     HARDDISK         1.0  PQ: 0 ANSI: 5
[    2.463828] scsi target2:0:1: Beginning Domain Validation
[    2.469325] scsi target2:0:1: Domain Validation skipping write tests
[    2.471978] scsi target2:0:1: Ending Domain Validation
[    2.474132] scsi target2:0:1: asynchronous
[    2.499001] sd 2:0:0:0: Attached scsi generic sg0 type 0
[    2.499617] sd 2:0:0:0: [sda] 20971520 512-byte logical blocks: (10.7 GB/10.0 GiB)
[    2.499711] sd 2:0:0:0: [sda] Write Protect is off
[    2.499773] sd 2:0:0:0: [sda] Incomplete mode parameter data
[    2.499774] sd 2:0:0:0: [sda] Assuming drive cache: write through
[    2.512576] sd 2:0:1:0: Attached scsi generic sg1 type 0
[    2.512837] sd 2:0:1:0: [sdb] 20480 512-byte logical blocks: (10.5 MB/10.0 MiB)
[    2.513108] sd 2:0:1:0: [sdb] Write Protect is off
[    2.513239] sd 2:0:1:0: [sdb] Incomplete mode parameter data
[    2.513264] sd 2:0:1:0: [sdb] Assuming drive cache: write through
[    2.525454]  sda: sda1
[    2.530747] sd 2:0:0:0: [sda] Attached SCSI disk
[    2.533451] sd 2:0:1:0: [sdb] Attached SCSI disk
[    2.776189] e1000 0000:00:09.0 eth2: (PCI:33MHz:32-bit) 08:00:27:a6:87:45
[    2.777057] e1000 0000:00:09.0 eth2: Intel(R) PRO/1000 Network Connection
[    2.778625] e1000 0000:00:03.0 enp0s3: renamed from eth0
[    2.793735] e1000 0000:00:09.0 enp0s9: renamed from eth2
[    2.802575] e1000 0000:00:08.0 enp0s8: renamed from eth1
Begin: Loading essential drivers ... [    4.062554] md: linear personality registered for level -1
[    4.065177] md: multipath personality registered for level -4
[    4.067916] md: raid0 personality registered for level 0
[    4.071306] md: raid1 personality registered for level 1
[    4.145527] raid6: sse2x1   gen() 14120 MB/s
[    4.215514] raid6: sse2x1   xor() 10883 MB/s
[    4.283046] raid6: sse2x2   gen() 16747 MB/s
[    4.355485] raid6: sse2x2   xor() 10270 MB/s
[    4.425523] raid6: sse2x4   gen() 19812 MB/s
[    4.495492] raid6: sse2x4   xor() 12098 MB/s
[    4.565521] raid6: avx2x1   gen() 28371 MB/s
[    4.635489] raid6: avx2x2   gen() 33277 MB/s
[    4.703073] raid6: avx2x4   gen() 34458 MB/s
[    4.703684] raid6: using algorithm avx2x4 gen() 34458 MB/s
[    4.704409] raid6: using avx2x2 recovery algorithm
[    4.706057] xor: automatically using best checksumming function:
[    4.746435]    avx       : 29013.000 MB/sec
[    4.747942] async_tx: api initialized (async)
[    4.755430] md: raid6 personality registered for level 6
[    4.756217] md: raid5 personality registered for level 5
[    4.756949] md: raid4 personality registered for level 4
[    4.762098] md: raid10 personality registered for level 10
done.
Begin: Running /scripts/init-premount ... done.
Begin: Mounting root file system ... Begin: Running /scripts/local-top ... done.
Begin: Running /scripts/local-premount ... [    4.782593] Btrfs loaded
Scanning for Btrfs filesystems
done.
Warning: fsck not present, so skipping root file system
[    4.806785] EXT4-fs (sda1): INFO: recovery required on readonly filesystem
[    4.807681] EXT4-fs (sda1): write access will be enabled during recovery
[    4.969903] EXT4-fs (sda1): orphan cleanup on readonly fs
[    4.971799] EXT4-fs (sda1): 8 orphan inodes deleted
[    4.972473] EXT4-fs (sda1): recovery complete
[    4.973466] EXT4-fs (sda1): mounted filesystem with ordered data mode. Opts: (null)
done.
Begin: Running /scripts/local-bottom ... done.
Begin: Running /scripts/init-bottom ... done.
[    5.659008] systemd[1]: systemd 229 running in system mode. (+PAM +AUDIT +SELINUX +IMA +APPARMOR +SMACK +SYSVINIT +UTMP +LIBCRYPTSETUP +GCRYPT +GNUTLS +ACL +XZ -LZ4 +SECCOMP +BLKID +ELFUTILS +KMOD -IDN)
[    5.669025] systemd[1]: Detected virtualization oracle.
[    5.672263] systemd[1]: Detected architecture x86-64.

Welcome to [1mUbuntu 16.04.5 LTS[0m!

[    5.690580] systemd[1]: Set hostname to <aterrochat-dev-box>.
[    5.762496] random: nonblocking pool is initialized
[    6.579544] systemd[1]: Listening on udev Kernel Socket.
[[0;32m  OK  [0m] Listening on udev Kernel Socket.
[    6.581749] systemd[1]: Listening on Journal Audit Socket.
[[0;32m  OK  [0m] Listening on Journal Audit Socket.
[    6.583654] systemd[1]: Reached target Encrypted Volumes.
[[0;32m  OK  [0m] Reached target Encrypted Volumes.
[    6.585017] systemd[1]: Created slice User and Session Slice.
[[0;32m  OK  [0m] Created slice User and Session Slice.
[    6.586230] systemd[1]: Reached target User and Group Name Lookups.
[[0;32m  OK  [0m] Reached target User and Group Name Lookups.
[    6.587580] systemd[1]: Listening on Syslog Socket.
[[0;32m  OK  [0m] Listening on Syslog Socket.
[    6.588711] systemd[1]: Set up automount Arbitrary Executable File Formats File System Automount Point.
[[0;32m  OK  [0m] Set up automount Arbitrary Executab...ats File System Automount Point.
[    6.590612] systemd[1]: Listening on udev Control Socket.
[[0;32m  OK  [0m] Listening on udev Control Socket.
[    6.591804] systemd[1]: Listening on LVM2 poll daemon socket.
[[0;32m  OK  [0m] Listening on LVM2 poll daemon socket.
[    6.593037] systemd[1]: Listening on Journal Socket.
[[0;32m  OK  [0m] Listening on Journal Socket.
[    6.594363] systemd[1]: Created slice System Slice.
[[0;32m  OK  [0m] Created slice System Slice.
[    6.606465] systemd[1]: Starting Nameserver information manager...
         Starting Nameserver information manager...
[    6.608344] systemd[1]: Starting Create list of required static device nodes for the current kernel...
         Starting Create list of required st... nodes for the current kernel...
[    6.610716] systemd[1]: Mounting Huge Pages File System...
         Mounting Huge Pages File System...
[    6.675764] systemd[1]: Starting Load Kernel Modules...
         Starting Load Kernel Modules...
[    6.696547] systemd[1]: Mounting POSIX Message Queue File System...
         Mounting POSIX Message Queue File System...
[    6.704887] systemd[1]: Listening on /dev/initctl Compatibility Named Pipe.
[[0;32m  OK  [0m] Listening on /dev/initctl Compatibility Named Pipe.
[    6.713117] systemd[1]: Started Forward Password Requests to Wall Directory Watch.
[[0;32m  OK  [0m] Started Forward Password Requests to Wall Directory Watch.
[    6.719273] systemd[1]: Created slice system-serial\x2dgetty.slice.
[[0;32m  OK  [0m] Created slice system-serial\x2dgetty.slice.
[    6.722447] systemd[1]: Listening on Journal Socket (/dev/log).
[[0;32m  OK  [0m] Listening on Journal Socket (/dev/log).
[    6.725973] systemd[1]: Starting Journal Service...
         Starting Journal Service...
[    6.728420] systemd[1]: Listening on LVM2 metadata daemon socket.
[[0;32m  OK  [0m] Listening on LVM2 metadata daemon socket.
[    6.731256] systemd[1]: Starting Set console keymap...
         Starting Set console keymap...
[    6.734578] systemd[1]: Mounting Debug File System...
         Mounting Debug File System...
[    6.737302] systemd[1]: Listening on Device-mapper event daemon FIFOs.
[[0;32m  OK  [0m] Listening on Device-mapper event daemon FIFOs.
[    6.739752] systemd[1]: Starting Monitoring of LVM2 mirrors, snapshots etc. using dmeventd or progress polling...
         Starting Monitoring of LVM2 mirrors... dmeventd or progress polling...
[    6.742881] systemd[1]: Starting Remount Root and Kernel File Systems...
         Starting Remount Root and Kernel File Systems...
[    6.744724] systemd[1]: Started Trigger resolvconf update for networkd DNS.
[[0;32m  OK  [0m] Started Trigger resolvconf update for networkd DNS.
[    6.746229] systemd[1]: Reached target System Time Synchronized.
[[0;32m  OK  [0m] Reached target System Time Synchronized.
[    6.748447] systemd[1]: Starting Uncomplicated firewall...
         Starting Uncomplicated firewall...
[    6.750193] systemd[1]: Reached target Slices.
[[0;32m  OK  [0m] Reached target Slices.
[    6.752516] systemd[1]: Mounted POSIX Message Queue File System.
[[0;32m  OK  [0m] Mounted POSIX Message Queue File System.
[    6.753791] systemd[1]: Mounted Huge Pages File System.
[[0;32m  OK  [0m] Mounted Huge Pages File System.
[    6.755581] systemd[1]: Mounted Debug File System.
[[0;32m  OK  [0m] Mounted Debug File System.
[    6.757647] systemd[1]: Started Create list of required static device nodes for the current kernel.
[[0;32m  OK  [0m] Started Create list of required sta...ce nodes for the current kernel.
[    6.790678] systemd[1]: Starting Create Static Device Nodes in /dev...
         Starting Create Static Device Nodes in /dev...
[    6.843668] systemd[1]: Started Uncomplicated firewall.
[[0;32m  OK  [0m] Started Uncomplicated firewall.
[    6.883093] systemd[1]: Started Nameserver information manager.
[[0;32m  OK  [0m] Started Nameserver information manager.
[    6.908731] EXT4-fs (sda1): re-mounted. Opts: (null)
[    6.912515] systemd[1]: Started Remount Root and Kernel File Systems.
[[0;32m  OK  [0m] Started Remount Root and Kernel File Systems.
[    6.926630] systemd[1]: Activating swap /swapfile...
         Activating swap /swapfile...
[    6.929143] systemd[1]: Starting Load/Save Random Seed...
         Starting Load/Save Random Seed...
[    6.974796] systemd[1]: Starting udev Coldplug all Devices...
         Starting udev Coldplug all Devices...
[    7.021798] systemd[1]: Started Set console keymap.
[[0;32m  OK  [0m] Started Set console keymap.
[    7.114929] systemd[1]: Started Journal Service.
[[0;32m  OK  [0m] Started Journal Service.
[    7.124297] Loading iSCSI transport class v2.0-870.
[    7.147102] Adding 1048572k swap on /swapfile.  Priority:-1 extents:5 across:1286140k FS
         Starting Flush Journal to Persistent Storage...
[[0;32m  OK  [0m] Activated swap /swapfile.
[[0;32m  OK  [0m] Started Load/Save Random Seed.
[[0;32m  OK  [0m] Started LVM2 metadata daemon.
[[0;32m  OK  [0m] Reached target Swap.
[[0;32m  OK  [0m] Started udev Coldplug all Devices.
[    7.195215] iscsi: registered transport (tcp)
[    7.226755] systemd-journald[387]: Received request to flush runtime journal from PID 1
[[0;32m  OK  [0m] Started Flush Journal to Persistent Storage.
[[0;32m  OK  [0[    7.386150] iscsi: registered transport (iser)
m] Started Create Static Device Nodes in /dev.
         Starting udev Kernel Device Manager...
[[0;32m  OK  [0m] Started Load Kernel Modules.
         Starting Apply Kernel Variables...
         Mounting FUSE Control File System...
[[0;32m  OK  [0m] Mounted FUSE Control File System.
[[0;32m  OK  [0m] Started Apply Kernel Variables.
[[0;32m  OK  [0m] Started udev Kernel Device Manager.
[[0;32m  OK  [0m] Started Dispatch Password Requests to Console Directory Watch.
[[0;32m  OK  [0m] Started Monitoring of LVM2 mirrors,...ng dmeventd or progress polling.
[[0;32m  OK  [0m] Reached target Local File Systems (Pre).
[[0;32m  OK  [0m] Reached target Local File Systems.
         Starting Tell Plymouth To Write Out Runtime Data...
         Starting Initial cloud-init job (pre-networking)...
         Starting Set console font and keymap...
         Starting LSB: AppArmor initialization...
         Starting Create Volatile Files and Directories...
[[0;32m  OK  [0m] Found device /dev/ttyS0.
[[0;32m  OK  [0m] Started Tell Plymouth To Write Out Runtime Data.
[[0;32m  OK  [0m] Listening on Load/Save RF Kill Switch Status /dev/rfkill Watch.
[[0;32m  OK  [0m] Started Create Volatile Files and Directories.
         Starting Update UTMP about System Boot/Shutdown...
[[0;32m  OK  [0m] Found device 82540EM Gigabit Ethern...r (PRO/1000 MT Desktop Adapter).
[[0;32m  OK  [0m] Found device 82540EM Gigabit Ethern...r (PRO/1000 MT Desktop Adapter).
[[0;32m  OK  [0m] Found device 82540EM Gigabit Ethern...r (PRO/1000 MT Desktop Adapter).
[[0;32m  OK  [0m] Started Update UTMP about System Boot/Shutdown.
[[0;32m  OK  [0m] Started Set console font and keymap.
[[0;32m  OK  [0m] Created slice system-getty.slice.
[[0;32m  OK  [0m] Started LSB: AppArmor initialization.
[   10.855930] cloud-init[493]: Cloud-init v. 18.4-0ubuntu1~16.04.2 running 'init-local' at Fri, 01 Mar 2019 01:18:50 +0000. Up 10.45 seconds.
[[0;32m  OK  [0m] Started Initial cloud-init job (pre-networking).
[[0;32m  OK  [0m] Reached target Network (Pre).
         Starting Raise network interfaces...
[[0;32m  OK  [0m] Started ifup for enp0s9.
[[0;32m  OK  [0m] Started ifup for enp0s3.
[[0;32m  OK  [0m] Started ifup for enp0s8.
[[0;32m  OK  [0m] Started Raise network interfaces.
         Starting Initial cloud-init job (metadata service crawler)...
[[0;32m  OK  [0m] Reached target Network.
[   12.370312] cloud-init[1210]: Cloud-init v. 18.4-0ubuntu1~16.04.2 running 'init' at Fri, 01 Mar 2019 01:18:51 +0000. Up 11.93 seconds.
[   12.371651] cloud-init[1210]: ci-info: ++++++++++++++++++++++++++++++++++++++Net device info+++++++++++++++++++++++++++++++++++++++
[   12.372897] cloud-init[1210]: ci-info: +--------+------+-----------------------------+---------------+--------+-------------------+
[   12.374048] cloud-init[1210]: ci-info: | Device |  Up  |           Address           |      Mask     | Scope  |     Hw-Address    |
[   12.375421] cloud-init[1210]: ci-info: +--------+------+-----------------------------+---------------+--------+-------------------+
[   12.380352] cloud-init[1210]: ci-info: | enp0s3 | True |          10.0.2.15          | 255.255.255.0 | global | 02:54:44:01:5d:80 |
[   12.381447] cloud-init[1210]: ci-info: | enp0s3 | True |  fe80::54:44ff:fe01:5d80/64 |       .       |  link  | 02:54:44:01:5d:80 |
[   12.382704] cloud-init[1210]: ci-info: | enp0s8 | True |        192.168.80.81        | 255.255.255.0 | global | 08:00:27:e0:20:ac |
[   12.383921] cloud-init[1210]: ci-info: | enp0s8 | True | fe80::a00:27ff:fee0:20ac/64 |       .       |  link  | 08:00:27:e0:20:ac |
[   12.392845] cloud-init[1210]: ci-info: | enp0s9 | True |        192.168.0.105        | 255.255.255.0 | global | 08:00:27:a6:87:45 |
[   12.393888] cloud-init[1210]: ci-info: | enp0s9 | True | fe80::a00:27ff:fea6:8745/64 |       .       |  link  | 08:00:27:a6:87:45 |
[   12.394939] cloud-init[1210]: ci-info: |   lo   | True |          127.0.0.1          |   255.0.0.0   |  host  |         .         |
[   12.396021] cloud-init[1210]: ci-info: |   lo   | True |           ::1/128           |       .       |  host  |         .         |
[   12.397107] cloud-init[1210]: ci-info: +--------+------+-----------------------------+---------------+--------+-------------------+
[   12.399008] cloud-init[1210]: ci-info: ++++++++++++++++++++++++++++Route IPv4 info++++++++++++++++++++++++++++
[   12.404321] cloud-init[1210]: ci-info: +-------+--------------+----------+---------------+-----------+-------+
[   12.405534] cloud-init[1210]: ci-info: | Route | Destination  | Gateway  |    Genmask    | Interface | Flags |
[   12.408300] cloud-init[1210]: ci-info: +-------+--------------+----------+---------------+-----------+-------+
[   12.416883] cloud-init[1210]: ci-info: |   0   |   0.0.0.0    | 10.0.2.2 |    0.0.0.0    |   enp0s3  |   UG  |
[   12.432169] cloud-init[1210]: ci-info: |   1   |   10.0.2.0   | 0.0.0.0  | 255.255.255.0 |   enp0s3  |   U   |
[   12.433333] cloud-init[1210]: ci-info: |   2   | 192.168.0.0  | 0.0.0.0  | 255.255.255.0 |   enp0s9  |   U   |
[   12.434842] cloud-init[1210]: ci-info: |   3   | 192.168.80.0 | 0.0.0.0  | 255.255.255.0 |   enp0s8  |   U   |
[   12.436232] cloud-init[1210]: ci-info: +-------+--------------+----------+---------------+-----------+-------+
[   12.437518] cloud-init[1210]: ci-info: +++++++++++++++++++Route IPv6 info+++++++++++++++++++
[   12.438503] cloud-init[[0;32m  OK  [0m] Started Initial cloud-init job (metadata service crawler).
[1210]: ci-info: +-------+-------------+---------+-----------+-------+
[   12.441113] [cloud-init[0;32m  OK  [0m[1210]: ] ci-info: | Route | Destination | Gateway | Interface | Flags |Reached target Cloud-config availability.

[[0;32m  OK  [0m] Reached target System Initialization.
[   12.442275] cloud-init[1210]: ci-info: +-------+-------------+---------+-----------+-------+
[   12.444495] cloud-init[1210]: ci-info: |   0   |  fe80::/64  |    ::   |   enp0s8  |   U   |
[   12.445324] cloud-init[1210]: ci-info: |   1   |  fe80::/64  |    ::   |   enp0s3  |   U   |
[   12.446092] cloud-init[1210]: ci-info: |   2   |  fe80::/64  |    ::   |   enp0s9  |   U   |
[   12.446829] cloud-init[1210]: ci-info: |   5   |   ff00::/8  |    ::   |   enp0s8  |   U   |
[   12.447555] cloud-init[1210]: ci-info: |   6   |   ff00::/8  |    ::   |   enp0s3  |   U   |
[   12.448358] cloud-init[1210]: ci-info: |   7   |   ff00::/8  |    ::   |   enp0s9  |   U   |
[   12.449120] cloud-init[1210]: ci-info: +-------+-------------+---------+-----------+-------+
[[0;32m  OK  [0m] Started Clean PHP session files every 30 mins.
[[0;32m  OK  [0m] Listening on D-Bus System Message Bus Socket.
         Starting LXD - unix socket.
[[0;32m  OK  [0m] Started Daily apt download activities.
[[0;32m  OK  [0m] Started ACPI Events Check.
[[0;32m  OK  [0m] Reached target Paths.
[[0;32m  OK  [0m] Started Daily Cleanup of Temporary Directories.
[[0;32m  OK  [0m] Listening on ACPID Listen Socket.
         Starting Socket activation for snappy daemon.
[[0;32m  OK  [0m] Started Daily apt upgrade and clean activities.
[[0;32m  OK  [0m] Reached target Timers.
[[0;32m  OK  [0m] Listening on UUID daemon activation socket.
[[0;32m  OK  [0m] Reached target Network is Online.
         Starting iSCSI initiator daemon (iscsid)...
[[0;32m  OK  [0m] Listening on LXD - unix socket.
[[0;32m  OK  [0m] Listening on Socket activation for snappy daemon.
[[0;32m  OK  [0m] Reached target Sockets.
[[0;32m  OK  [0m] Reached target Basic System.
[[0;32m  OK  [0m] Started ACPI event daemon.
[[0;32m  OK  [0m] Started Regular background program processing daemon.
         Starting LSB: Record successful boot for GRUB...
         Starting /etc/rc.local Compatibility...
         Starting OpenBSD Secure Shell server...
         Starting Clean php session files...
         Starting MySQL Community Server...
[[0;32m  OK  [0m] Started D-Bus System Message Bus.
[[0;32m  OK  [0m] Started FUSE filesystem for LXC.
[[0;32m  OK  [0m] Started Unattended Upgrades Shutdown.
         Starting LSB: MD monitoring daemon...
         Starting Accounts Service...
         Starting Virtualbox guest utils...
[[0;32m  OK  [0m] Started Deferred execution scheduler.
[[0;32m  OK  [0m] Started MongoDB Database Server.
         Starting System Logging Service...
         Starting Snappy daemon...
         Starting LXD - container startup/shutdown...
         Starting Login Service...
[[0;32m  OK  [0m] Started /etc/rc.local Compatibility.
[[0;32m  OK  [0m] Started LSB: Record successful boot for GRUB.
[[0;32m  OK  [0m] Started OpenBSD Secure Shell server.
[[0;32m  OK  [0m] Started iSCSI initiator daemon (iscsid).
         Starting Login to default iSCSI targets...
[[0;32m  OK  [0m] Started LSB: MD monitoring daemon.
[[0;32m  OK  [0m] Started System Logging Service.
[[0;32m  OK  [0m] Started Login to default iSCSI targets.
[[0;32m  OK  [0m] Reached target Remote File Systems (Pre).
[[0;32m  OK  [0m] Reached target Remote File Systems.
         Starting LSB: Apache2 web server...
         Starting LSB: automatic crash report generation...
         Starting LSB: daemon to balance interrupts for SMP systems...
         Starting Permit User Sessions...
         Starting LSB: Set the CPU Frequency Scaling governor to "ondemand"...
[[0;32m  OK  [0m] Started LSB: Set the CPU Frequency Scaling governor to "ondemand".
[[0;32m  OK  [0m] Started Permit User Sessions.
         Starting Terminate Plymouth Boot Screen...
         Starting Hold until boot process finishes up...
[[0;32m  OK  [0m] Started Hold until boot process finishes up.
[[0;32m  OK  [0m] Started Serial Getty on ttyS0.
[[0;32m  OK  [0m] Started Getty on tty1.
[[0;32m  OK  [0m] Reached target Login Prompts.
         Starting Set console scheme...
[[0;32m  OK  [0m] Started Terminate Plymouth Boot Screen.
[[0;32m  OK  [0m] Started Set console scheme.
[[0;32m  OK  [0m] Started LSB: automatic crash report generation.
[[0;32m  OK  [0m] Started LSB: daemon to balance interrupts for SMP systems.
[[0;32m  OK  [0m] Started Virtualbox guest utils.
         Starting Authenticate and Authorize Users to Run Privileged Tasks...
[[0;32m  OK  [0m] Started Authenticate and Authorize Users to Run Privileged Tasks.
[[0;32m  OK  [0m] Started Accounts Service.
[[0;32m  OK  [0m] Started Login Service.
[[0;32m  OK  [0m] Created slice User Slice of vagrant.
         Starting User Manager for UID 1000...
[[0;32m  OK  [0m] Started Session 1 of user vagrant.
[[0;32m  OK  [0m] Started User Manager for UID 1000.
[[0;32m  OK  [0m] Started LXD - container startup/shutdown.

Ubuntu 16.04.5 LTS aterrochat-dev-box ttyS0

aterrochat-dev-box login: [   22.753915] cloud-init[1803]: Cloud-init v. 18.4-0ubuntu1~16.04.2 running 'modules:config' at Fri, 01 Mar 2019 01:19:02 +0000. Up 22.33 seconds.
[   28.145456] cloud-init[1837]: Cloud-init v. 18.4-0ubuntu1~16.04.2 running 'modules:final' at Fri, 01 Mar 2019 01:19:07 +0000. Up 27.06 seconds.
[   28.146015] cloud-init[1837]: Cloud-init v. 18.4-0ubuntu1~16.04.2 finished at Fri, 01 Mar 2019 01:19:08 +0000. Datasource DataSourceNoCloud [seed=/dev/sdb][dsmode=net].  Up 28.12 seconds
[[0;32m  OK  [0m] Closed Load/Save RF Kill Switch Status /dev/rfkill Watch.
         Stopping Session 1 of user vagrant.
[[0;32m  OK  [0m] Stopped target Timers.
[[0;32m  OK  [0m] Stopped Daily Cleanup of Temporary Directories.
         Stopping User Manager for UID 1000...
[[0;32m  OK  [0m] Stopped Daily apt upgrade and clean activities.
[[0;32m  OK  [0m] Stopped Daily apt download activities.
         Stopping Authenticate and Authorize Users to Run Privileged Tasks...
[[0;32m  OK  [0m] Stopped target Cloud-init target.
[[0;32m  OK  [0m] Stopped Execute cloud user/final scripts.
[[0;32m  OK  [0m] Stopped Apply the settings specified in cloud-config.
         Stopping ACPI event daemon...
[[0;32m  OK  [0m] Stopped Clean PHP session files every 30 mins.
[[0;32m  OK  [0m] Stopped target Cloud-config availability.
[[0;32m  OK  [0m] Stopped target System Time Synchronized.
         Stopping Session 3 of user vagrant.
[[0;32m  OK  [0m] Stopped target Graphical Interface.
         Stopping Accounts Service...
[[0;32m  OK  [0m] Stopped target Multi-User System.
         Stopping LXD - container startup/shutdown...
[[0;32m  OK  [0m] Stopped Wait until snapd is fully seeded.
         Stopping Snappy daemon...
         Stopping OpenBSD Secure Shell server...
         Stopping Virtualbox guest utils...
         Stopping LSB: MD monitoring daemon...
         Stopping System Logging Service...
         Stopping Unattended Upgrades Shutdown...
[[0;32m  OK  [0m] Stopped target Login Prompts.
         Stopping Serial Getty on ttyS0...
         Stopping Getty on tty1...
         Stopping MySQL Community Server...
         Stopping Deferred execution scheduler...
         Stopping LSB: automatic crash report generation...
         Stopping FUSE filesystem for LXC...
         Stopping LSB: Record successful boot for GRUB...
         Stopping Regular background program processing daemon...
         Stopping MongoDB Database Server...
         Stopping D-Bus System Message Bus...
         Stopping LSB: Set the CPU Frequency Scaling governor to "ondemand"...
         Stopping LSB: Apache2 web server...
         Stopping LSB: daemon to balance interrupts for SMP systems...
[[0;32m  OK  [0m] Stopped Regular background program processing daemon.
[[0;32m  OK  [0m] Stopped Accounts Service.
[[0;32m  OK  [0m] Stopped Deferred execution scheduler.
[[0;32m  OK  [0m] Stopped ACPI event daemon.
[[0;32m  OK  [0m] Stopped System Logging Service.
[[0;32m  OK  [0m] Stopped OpenBSD Secure Shell server.
[[0;32m  OK  [0m] Stopped Serial Getty on ttyS0.
[[0;32m  OK  [0m] Stopped Getty on tty1.
[[0;32m  OK  [0m] Stopped Authenticate and Authorize Users to Run Privileged Tasks.
[[0;32m  OK  [0m] Stopped Session 1 of user vagrant.
[[0;32m  OK  [0m] Stopped Session 3 of user vagrant.
[[0;32m  OK  [0m] Stopped D-Bus System Message Bus.
[[0;32m  OK  [0m] Unmounted /var/lib/lxcfs.
[[0;32m  OK  [0m] Stopped LXD - container startup/shutdown.
[[0;32m  OK  [0m] Removed slice system-getty.slice.
[[0;32m  OK  [0m] Removed slice system-serial\x2dgetty.slice.
[[0;32m  OK  [0m] Stopped /etc/rc.local Compatibility.
[[0;32m  OK  [0m] Stopped FUSE filesystem for LXC.
[[0;32m  OK  [0m] Stopped Unattended Upgrades Shutdown.
[[0;32m  OK  [0m] Stopped LSB: Record successful boot for GRUB.
[[0;32m  OK  [0m] Stopped LSB: Set the CPU Frequency Scaling governor to "ondemand".
[[0;32m  OK  [0m] Stopped LSB: MD monitoring daemon.
[[0;32m  OK  [0m] Stopped LSB: daemon to balance interrupts for SMP systems.
[[0;32m  OK  [0m] Stopped LSB: automatic crash report generation.
[[0;32m  OK  [0m] Stopped User Manager for UID 1000.
[[0;32m  OK  [0m] Removed slice User Slice of vagrant.
         Stopping Login Service...
         Stopping Permit User Sessions...
[[0;32m  OK  [0m] Stopped Permit User Sessions.
[[0;32m  OK  [0m] Stopped Login Service.
[[0;32m  OK  [0m] Stopped target User and Group Name Lookups.
[[0;32m  OK  [0m] Stopped MongoDB Database Server.
[[0;32m  OK  [0m] Stopped Virtualbox guest utils.
[[0;32m  OK  [0m] Stopped Snappy daemon.
[[0;32m  OK  [0m] Stopped MySQL Community Server.
[[0;32m  OK  [0m] Stopped LSB: Apache2 web server.
[[0;32m  OK  [0m] Stopped target Remote File Systems.
[[0;32m  OK  [0m] Stopped target Remote File Systems (Pre).
         Stopping Login to default iSCSI targets...
[[0;32m  OK  [0m] Stopped target Basic System.
[[0;32m  OK  [0m] Stopped target Paths.
[[0;32m  OK  [0m] Stopped ACPI Events Check.
[[0;32m  OK  [0m] Stopped Forward Password Requests to Wall Directory Watch.
[[0;32m  OK  [0m] Stopped Dispatch Password Requests to Console Directory Watch.
[[0;32m  OK  [0m] Stopped target Slices.
[[0;32m  OK  [0m] Removed slice User and Session Slice.
[[0;32m  OK  [0m] Stopped target Sockets.
[[0;32m  OK  [0m] Closed LXD - unix socket.
[[0;32m  OK  [0m] Closed ACPID Listen Socket.
[[0;32m  OK  [0m] Closed D-Bus System Message Bus Socket.
[[0;32m  OK  [0m] Closed Syslog Socket.
[[0;32m  OK  [0m] Closed UUID daemon activation socket.
[[0;32m  OK  [0m] Closed Socket activation for snappy daemon.
[[0;32m  OK  [0m] Stopped target System Initialization.
         Stopping Load/Save Random Seed...
[[0;32m  OK  [0m] Stopped target Encrypted Volumes.
[[0;32m  OK  [0m] Stopped target Swap.
         Deactivating swap /swapfile...
[[0;32m  OK  [0m] Stopped Create Volatile Files and Directories.
[[0;32m  OK  [0m] Stopped Load/Save Random Seed.
[[0;32m  OK  [0m] Deactivated swap /swapfile.
[[0;32m  OK  [0m] Stopped Login to default iSCSI targets.
         Stopping iSCSI initiator daemon (iscsid)...
[[0;32m  OK  [0m] Stopped iSCSI initiator daemon (iscsid).
[[0;32m  OK  [0m] Stopped target Network is Online.
[[0;32m  OK  [0m] Stopped target Network.
[[0;32m  OK  [0m] Stopped Initial cloud-init job (metadata service crawler).
         Stopping Raise network interfaces...
[[0;32m  OK  [0m] Stopped Raise network interfaces.
[[0;32m  OK  [0m] Stopped target Network (Pre).
[[0;32m  OK  [0m] Stopped Initial cloud-init job (pre-networking).
[[0;32m  OK  [0m] Stopped Apply Kernel Variables.
[[0;32m  OK  [0m] Stopped Load Kernel Modules.
[[0;32m  OK  [0m] Stopped target Local File Systems.
         Unmounting /vagrant...
         Unmounting /run/user/1000...
[[0;32m  OK  [0m] Unmounted /run/user/1000.
[[0;32m  OK  [0m] Unmounted /vagrant.
[[0;32m  OK  [0m] Reached target Unmount All Filesystems.
[[0;32m  OK  [0m] Stopped target Local File Systems (Pre).
[[0;32m  OK  [0m] Stopped Remount Root and Kernel File Systems.
         Stopping Monitoring of LVM2 mirrors... dmeventd or progress polling...
[[0;32m  OK  [0m] Stopped Create Static Device Nodes in /dev.
[[0;32m  OK  [0m] Reached target Shutdown.
[  144.618915] reboot: Power down
